13:20:36 **** Build of project mem_test_bsp ****
make -k all 
libgen -hw ../hw_platform_0/system.xml\
	       \
	       -pe ps7_cortexa9_0 \
	       -log libgen.log \
	       system.mss
libgen
Xilinx EDK 2013.4 Build EDK_2013.4.20131205
Copyright (c) 1995-2012 Xilinx, Inc.  All rights reserved.

Command Line: libgen -hw ../hw_platform_0/system.xml -pe ps7_cortexa9_0 -log
libgen.log system.mss 


Staging source files.
Running DRCs.
Running generate.
Running post_generate.
Running include - 'make -s include "COMPILER=arm-xilinx-eabi-gcc"
"ARCHIVER=arm-xilinx-eabi-ar" "COMPILER_FLAGS= -O2 -c"
"EXTRA_COMPILER_FLAGS=-g"'.

Running libs - 'make -s libs "COMPILER=arm-xilinx-eabi-gcc"
"ARCHIVER=arm-xilinx-eabi-ar" "COMPILER_FLAGS= -O2 -c"
"EXTRA_COMPILER_FLAGS=-g"'.
"Compiling standalone"
arm-xilinx-eabi-ar: creating ../../../lib/libxil.a
"Compiling devcfg"
"Compiling dmaps"
"Compiling scugic"
"Compiling scutimer"
"Compiling scuwdt"
"Compiling uartps"
"Compiling xadcps"
"Compiling cpu_cortexa9"
Running execs_generate.
'Finished building libraries'
13:20:56 **** Build of configuration Debug for project mem_test ****
make all 
'Building file: ../src/memory_config_g.c'
'Invoking: ARM gcc compiler'
arm-xilinx-eabi-gcc -Wall -O0 -g3 -c -fmessage-length=0 -I../../mem_test_bsp/ps7_cortexa9_0/include -MMD -MP -MF"src/memory_config_g.d" -MT"src/memory_config_g.d" -o "src/memory_config_g.o" "../src/memory_config_g.c"
'Finished building: ../src/memory_config_g.c'
' '
'Building file: ../src/memorytest.c'
'Invoking: ARM gcc compiler'
arm-xilinx-eabi-gcc -Wall -O0 -g3 -c -fmessage-length=0 -I../../mem_test_bsp/ps7_cortexa9_0/include -MMD -MP -MF"src/memorytest.d" -MT"src/memorytest.d" -o "src/memorytest.o" "../src/memorytest.c"
'Finished building: ../src/memorytest.c'
' '
'Building file: ../src/platform.c'
'Invoking: ARM gcc compiler'
arm-xilinx-eabi-gcc -Wall -O0 -g3 -c -fmessage-length=0 -I../../mem_test_bsp/ps7_cortexa9_0/include -MMD -MP -MF"src/platform.d" -MT"src/platform.d" -o "src/platform.o" "../src/platform.c"
'Finished building: ../src/platform.c'
' '
'Building target: mem_test.elf'
'Invoking: ARM gcc linker'
arm-xilinx-eabi-gcc -Wl,-T -Wl,../src/lscript.ld -L../../mem_test_bsp/ps7_cortexa9_0/lib -o "mem_test.elf"  ./src/memory_config_g.o ./src/memorytest.o ./src/platform.o   -Wl,--start-group,-lxil,-lgcc,-lc,--end-group
'Finished building target: mem_test.elf'
' '
'Invoking: ARM Print Size'
arm-xilinx-eabi-size mem_test.elf  |tee "mem_test.elf.size"
   text	   data	    bss	    dec	    hex	filename
  26136	   1136	  14436	  41708	   a2ec	mem_test.elf
'Finished building: mem_test.elf.size'
' '
13:23:06 **** Incremental Build of configuration Debug for project mem_test ****
make all 
make: Nothing to be done for `all'.
20:55:09 **** Auto Build of project mem_test_bsp ****
make -k all 
'Finished building libraries'
20:55:19 **** Auto Build of configuration Debug for project mem_test ****
make all 
make: Nothing to be done for `all'.
20:55:27 **** Clean-only build of project mem_test_bsp ****
make -k clean 
rm -rf ps7_cortexa9_0
20:55:32 **** Clean-only build of configuration Debug for project mem_test ****
make clean 
rm -rf  ./src/memory_config_g.o ./src/memorytest.o ./src/platform.o  ./src/memory_config_g.d ./src/memorytest.d ./src/platform.d  mem_test.elf.size  mem_test.elf
' '
20:55:35 **** Build of project mem_test_bsp ****
make -k all 
libgen -hw ../hw_platform_0/system.xml\
	       \
	       -pe ps7_cortexa9_0 \
	       -log libgen.log \
	       system.mss
libgen
Xilinx EDK 2013.4 Build EDK_2013.4.20131205
Copyright (c) 1995-2012 Xilinx, Inc.  All rights reserved.

Command Line: libgen -hw ../hw_platform_0/system.xml -pe ps7_cortexa9_0 -log
libgen.log system.mss 


Staging source files.
Running DRCs.
Running generate.
Running post_generate.
Running include - 'make -s include "COMPILER=arm-xilinx-eabi-gcc"
"ARCHIVER=arm-xilinx-eabi-ar" "COMPILER_FLAGS= -O2 -c"
"EXTRA_COMPILER_FLAGS=-g"'.

Running libs - 'make -s libs "COMPILER=arm-xilinx-eabi-gcc"
"ARCHIVER=arm-xilinx-eabi-ar" "COMPILER_FLAGS= -O2 -c"
"EXTRA_COMPILER_FLAGS=-g"'.
"Compiling common"
arm-xilinx-eabi-ar: creating ../../../lib/libxil.a
"Compiling standalone"
"Compiling gpio"
"Compiling devcfg"
"Compiling dmaps"
"Compiling scugic"
"Compiling scutimer"
"Compiling scuwdt"
"Compiling uartps"
"Compiling xadcps"
"Compiling cpu_cortexa9"
Running execs_generate.
'Finished building libraries'
20:58:37 **** Build of project standalone_bsp_0 ****
make -k all 
libgen -hw ../hw_platform_0/system.xml\
	       \
	       -pe ps7_cortexa9_0 \
	       -log libgen.log \
	       system.mss
libgen
Xilinx EDK 2013.4 Build EDK_2013.4.20131205
Copyright (c) 1995-2012 Xilinx, Inc.  All rights reserved.

Command Line: libgen -hw ../hw_platform_0/system.xml -pe ps7_cortexa9_0 -log
libgen.log system.mss 


Staging source files.
Running DRCs.
Running generate.
Running post_generate.
Running include - 'make -s include "COMPILER=arm-xilinx-eabi-gcc"
"ARCHIVER=arm-xilinx-eabi-ar" "COMPILER_FLAGS= -O2 -c"
"EXTRA_COMPILER_FLAGS=-g"'.

Running libs - 'make -s libs "COMPILER=arm-xilinx-eabi-gcc"
"ARCHIVER=arm-xilinx-eabi-ar" "COMPILER_FLAGS= -O2 -c"
"EXTRA_COMPILER_FLAGS=-g"'.
"Compiling common"
arm-xilinx-eabi-ar: creating ../../../lib/libxil.a
"Compiling standalone"
"Compiling gpio"
"Compiling devcfg"
"Compiling dmaps"
"Compiling scugic"
"Compiling scutimer"
"Compiling scuwdt"
"Compiling uartps"
"Compiling xadcps"
"Compiling cpu_cortexa9"
Running execs_generate.
'Finished building libraries'

**** Build of configuration Debug for project TestApp ****

Nothing to build for project TestApp
21:04:52 **** Auto Build of configuration Debug for project TestApp ****
make all 
'Building file: ../src/lab2.c'
'Invoking: ARM gcc compiler'
arm-xilinx-eabi-gcc -Wall -O0 -g3 -c -fmessage-length=0 -I../../standalone_bsp_0/ps7_cortexa9_0/include -MMD -MP -MF"src/lab2.d" -MT"src/lab2.d" -o "src/lab2.o" "../src/lab2.c"
'Finished building: ../src/lab2.c'
' '
'Building target: TestApp.elf'
'Invoking: ARM gcc linker'
arm-xilinx-eabi-gcc -Wl,-T -Wl,../src/lscript.ld -L../../standalone_bsp_0/ps7_cortexa9_0/lib -o "TestApp.elf"  ./src/lab2.o   -Wl,--start-group,-lxil,-lgcc,-lc,--end-group
'Finished building target: TestApp.elf'
' '
'Invoking: ARM Print Size'
arm-xilinx-eabi-size TestApp.elf  |tee "TestApp.elf.size"
   text	   data	    bss	    dec	    hex	filename
  23820	   1136	  22628	  47584	   b9e0	TestApp.elf
'Finished building: TestApp.elf.size'
' '
21:27:00 **** Incremental Build of configuration Debug for project TestApp ****
make all 
make: Nothing to be done for `all'.
21:30:34 **** Incremental Build of configuration Debug for project TestApp ****
make all 
make: Nothing to be done for `all'.
21:32:00 **** Incremental Build of configuration Debug for project TestApp ****
make all 
make: Nothing to be done for `all'.
21:33:07 **** Incremental Build of configuration Debug for project TestApp ****
make all 
make: Nothing to be done for `all'.
21:35:54 **** Incremental Build of configuration Debug for project TestApp ****
make all 
make: Nothing to be done for `all'.
21:42:03 **** Incremental Build of configuration Debug for project TestApp ****
make all 
make: Nothing to be done for `all'.
21:45:16 **** Incremental Build of configuration Debug for project TestApp ****
make all 
make: Nothing to be done for `all'.
21:45:32 **** Incremental Build of configuration Debug for project TestApp ****
make all 
make: Nothing to be done for `all'.
21:46:34 **** Incremental Build of configuration Debug for project TestApp ****
make all 
make: Nothing to be done for `all'.
21:46:54 **** Incremental Build of configuration Debug for project TestApp ****
make all 
make: Nothing to be done for `all'.
21:50:38 **** Incremental Build of configuration Debug for project TestApp ****
make all 
make: Nothing to be done for `all'.
21:56:11 **** Auto Build of project standalone_bsp_0 ****
make -k all 
'Finished building libraries'
21:56:14 **** Auto Build of project standalone_bsp_0 ****
make -k all 
'Finished building libraries'
21:58:47 **** Auto Build of configuration Debug for project TestApp ****
make all 
make: Nothing to be done for `all'.
21:59:25 **** Incremental Build of configuration Debug for project TestApp ****
make all 
make: Nothing to be done for `all'.
22:01:10 **** Incremental Build of configuration Debug for project TestApp ****
make all 
make: Nothing to be done for `all'.
22:03:45 **** Incremental Build of configuration Debug for project TestApp ****
make all 
make: Nothing to be done for `all'.
22:09:39 **** Build of project standalone_bsp_0 ****
make -k all 
libgen -hw ../hw_platform_0/system.xml\
	       \
	       -pe ps7_cortexa9_0 \
	       -log libgen.log \
	       system.mss
libgen
Xilinx EDK 2013.4 Build EDK_2013.4.20131205
Copyright (c) 1995-2012 Xilinx, Inc.  All rights reserved.

Command Line: libgen -hw ../hw_platform_0/system.xml -pe ps7_cortexa9_0 -log
libgen.log system.mss 


Staging source files.
Running DRCs.
Running generate.
Running post_generate.
Running include - 'make -s include "COMPILER=arm-xilinx-eabi-gcc"
"ARCHIVER=arm-xilinx-eabi-ar" "COMPILER_FLAGS= -O2 -c"
"EXTRA_COMPILER_FLAGS=-g"'.

Running libs - 'make -s libs "COMPILER=arm-xilinx-eabi-gcc"
"ARCHIVER=arm-xilinx-eabi-ar" "COMPILER_FLAGS= -O2 -c"
"EXTRA_COMPILER_FLAGS=-g"'.
"Compiling common"
arm-xilinx-eabi-ar: creating ../../../lib/libxil.a
"Compiling standalone"
"Compiling gpio"
"Compiling devcfg"
"Compiling dmaps"
"Compiling scugic"
"Compiling scutimer"
"Compiling scuwdt"
"Compiling uartps"
"Compiling xadcps"
"Compiling cpu_cortexa9"
Running execs_generate.
'Finished building libraries'

**** Build of configuration Debug for project TestApp ****

Nothing to build for project TestApp
22:12:04 **** Auto Build of configuration Debug for project TestApp ****
make all 
'Building file: ../src/lab2.c'
'Invoking: ARM gcc compiler'
arm-xilinx-eabi-gcc -Wall -O0 -g3 -c -fmessage-length=0 -I../../standalone_bsp_0/ps7_cortexa9_0/include -MMD -MP -MF"src/lab2.d" -MT"src/lab2.d" -o "src/lab2.o" "../src/lab2.c"
'Finished building: ../src/lab2.c'
' '
'Building target: TestApp.elf'
'Invoking: ARM gcc linker'
arm-xilinx-eabi-gcc -Wl,-T -Wl,../src/lscript.ld -L../../standalone_bsp_0/ps7_cortexa9_0/lib -o "TestApp.elf"  ./src/lab2.o   -Wl,--start-group,-lxil,-lgcc,-lc,--end-group
'Finished building target: TestApp.elf'
' '
'Invoking: ARM Print Size'
arm-xilinx-eabi-size TestApp.elf  |tee "TestApp.elf.size"
   text	   data	    bss	    dec	    hex	filename
  23820	   1136	  22628	  47584	   b9e0	TestApp.elf
'Finished building: TestApp.elf.size'
' '
22:13:27 **** Incremental Build of configuration Debug for project TestApp ****
make all 
make: Nothing to be done for `all'.
22:13:52 **** Incremental Build of configuration Debug for project TestApp ****
make all 
make: Nothing to be done for `all'.
22:14:57 **** Incremental Build of configuration Debug for project TestApp ****
make all 
make: Nothing to be done for `all'.
11:12:57 **** Auto Build of project standalone_bsp_0 ****
make -k all 
'Finished building libraries'
11:13:02 **** Auto Build of project standalone_bsp_0 ****
make -k all 
'Finished building libraries'
11:13:05 **** Auto Build of configuration Debug for project TestApp ****
make all 
make: Nothing to be done for `all'.
11:13:30 **** Auto Build of project standalone_bsp_0 ****
make -k all 
libgen -hw ../hw_platform_0/system.xml\
	       \
	       -pe ps7_cortexa9_0 \
	       -log libgen.log \
	       system.mss
libgen
Xilinx EDK 2013.4 Build EDK_2013.4.20131205
Copyright (c) 1995-2012 Xilinx, Inc.  All rights reserved.

Command Line: libgen -hw ../hw_platform_0/system.xml -pe ps7_cortexa9_0 -log
libgen.log system.mss 


Staging source files.
Running DRCs.
Running generate.
Running post_generate.
Running include - 'make -s include "COMPILER=arm-xilinx-eabi-gcc"
"ARCHIVER=arm-xilinx-eabi-ar" "COMPILER_FLAGS= -O2 -c"
"EXTRA_COMPILER_FLAGS=-g"'.

Running libs - 'make -s libs "COMPILER=arm-xilinx-eabi-gcc"
"ARCHIVER=arm-xilinx-eabi-ar" "COMPILER_FLAGS= -O2 -c"
"EXTRA_COMPILER_FLAGS=-g"'.
"Compiling common"
arm-xilinx-eabi-ar: creating ../../../lib/libxil.a
"Compiling standalone"
"Compiling bram"
"Compiling gpio"
"Compiling devcfg"
"Compiling dmaps"
"Compiling scugic"
"Compiling scutimer"
"Compiling scuwdt"
"Compiling uartps"
"Compiling xadcps"
"Compiling cpu_cortexa9"
Running execs_generate.
'Finished building libraries'
11:15:08 **** Clean-only build of project standalone_bsp_0 ****
make -k clean 
rm -rf ps7_cortexa9_0
11:15:12 **** Clean-only build of configuration Debug for project TestApp ****
make clean 
rm -rf  ./src/lab2.o  ./src/lab2.d  TestApp.elf.size  TestApp.elf
' '
11:15:14 **** Build of project standalone_bsp_0 ****
make -k all 
libgen -hw ../hw_platform_0/system.xml\
	       \
	       -pe ps7_cortexa9_0 \
	       -log libgen.log \
	       system.mss
libgen
Xilinx EDK 2013.4 Build EDK_2013.4.20131205
Copyright (c) 1995-2012 Xilinx, Inc.  All rights reserved.

Command Line: libgen -hw ../hw_platform_0/system.xml -pe ps7_cortexa9_0 -log
libgen.log system.mss 


Staging source files.
Running DRCs.
Running generate.
Running post_generate.
Running include - 'make -s include "COMPILER=arm-xilinx-eabi-gcc"
"ARCHIVER=arm-xilinx-eabi-ar" "COMPILER_FLAGS= -O2 -c"
"EXTRA_COMPILER_FLAGS=-g"'.

Running libs - 'make -s libs "COMPILER=arm-xilinx-eabi-gcc"
"ARCHIVER=arm-xilinx-eabi-ar" "COMPILER_FLAGS= -O2 -c"
"EXTRA_COMPILER_FLAGS=-g"'.
"Compiling common"
arm-xilinx-eabi-ar: creating ../../../lib/libxil.a
"Compiling standalone"
"Compiling bram"
"Compiling gpio"
"Compiling devcfg"
"Compiling dmaps"
"Compiling scugic"
"Compiling scutimer"
"Compiling scuwdt"
"Compiling uartps"
"Compiling xadcps"
"Compiling cpu_cortexa9"
Running execs_generate.
'Finished building libraries'
11:16:19 **** Build of configuration Debug for project TestApp ****
make all 
'Building file: ../src/lab2.c'
'Invoking: ARM gcc compiler'
arm-xilinx-eabi-gcc -Wall -O0 -g3 -c -fmessage-length=0 -I../../standalone_bsp_0/ps7_cortexa9_0/include -MMD -MP -MF"src/lab2.d" -MT"src/lab2.d" -o "src/lab2.o" "../src/lab2.c"
'Finished building: ../src/lab2.c'
' '
'Building target: TestApp.elf'
'Invoking: ARM gcc linker'
arm-xilinx-eabi-gcc -Wl,-T -Wl,../src/lscript.ld -L../../standalone_bsp_0/ps7_cortexa9_0/lib -o "TestApp.elf"  ./src/lab2.o   -Wl,--start-group,-lxil,-lgcc,-lc,--end-group
'Finished building target: TestApp.elf'
' '
'Invoking: ARM Print Size'
arm-xilinx-eabi-size TestApp.elf  |tee "TestApp.elf.size"
   text	   data	    bss	    dec	    hex	filename
  23820	   1136	  22628	  47584	   b9e0	TestApp.elf
'Finished building: TestApp.elf.size'
' '
21:27:37 **** Auto Build of project standalone_bsp_0 ****
make -k all 
'Finished building libraries'
21:27:41 **** Auto Build of project standalone_bsp_0 ****
make -k all 
'Finished building libraries'
21:27:53 **** Clean-only build of project standalone_bsp_0 ****
make -k clean 
rm -rf ps7_cortexa9_0
21:28:12 **** Clean-only build of configuration Debug for project TestApp ****
make clean 
rm -rf  ./src/lab2.o  ./src/lab2.d  TestApp.elf.size  TestApp.elf
' '
21:28:14 **** Build of project standalone_bsp_0 ****
make -k all 
libgen -hw ../hw_platform_0/system.xml\
	       \
	       -pe ps7_cortexa9_0 \
	       -log libgen.log \
	       system.mss
libgen
Xilinx EDK 2013.4 Build EDK_2013.4.20131205
Copyright (c) 1995-2012 Xilinx, Inc.  All rights reserved.

Command Line: libgen -hw ../hw_platform_0/system.xml -pe ps7_cortexa9_0 -log
libgen.log system.mss 


Staging source files.
Running DRCs.
Running generate.
Running post_generate.
Running include - 'make -s include "COMPILER=arm-xilinx-eabi-gcc"
"ARCHIVER=arm-xilinx-eabi-ar" "COMPILER_FLAGS= -O2 -c"
"EXTRA_COMPILER_FLAGS=-g"'.

Running libs - 'make -s libs "COMPILER=arm-xilinx-eabi-gcc"
"ARCHIVER=arm-xilinx-eabi-ar" "COMPILER_FLAGS= -O2 -c"
"EXTRA_COMPILER_FLAGS=-g"'.
"Compiling common"
arm-xilinx-eabi-ar: creating ../../../lib/libxil.a
"Compiling standalone"
"Compiling bram"
"Compiling gpio"
"Compiling devcfg"
"Compiling dmaps"
"Compiling scugic"
"Compiling scutimer"
"Compiling scuwdt"
"Compiling uartps"
"Compiling xadcps"
"Compiling cpu_cortexa9"
Running execs_generate.
'Finished building libraries'
21:29:38 **** Build of configuration Debug for project TestApp ****
make all 
'Building file: ../src/lab2.c'
'Invoking: ARM gcc compiler'
arm-xilinx-eabi-gcc -Wall -O0 -g3 -c -fmessage-length=0 -I../../standalone_bsp_0/ps7_cortexa9_0/include -MMD -MP -MF"src/lab2.d" -MT"src/lab2.d" -o "src/lab2.o" "../src/lab2.c"
'Finished building: ../src/lab2.c'
' '
'Building target: TestApp.elf'
'Invoking: ARM gcc linker'
arm-xilinx-eabi-gcc -Wl,-T -Wl,../src/lscript.ld -L../../standalone_bsp_0/ps7_cortexa9_0/lib -o "TestApp.elf"  ./src/lab2.o   -Wl,--start-group,-lxil,-lgcc,-lc,--end-group
'Finished building target: TestApp.elf'
' '
'Invoking: ARM Print Size'
arm-xilinx-eabi-size TestApp.elf  |tee "TestApp.elf.size"
   text	   data	    bss	    dec	    hex	filename
  23820	   1136	  22628	  47584	   b9e0	TestApp.elf
'Finished building: TestApp.elf.size'
' '

**** Build of configuration Debug for project lab4 ****

Nothing to build for project lab4
21:45:56 **** Auto Build of configuration Debug for project lab4 ****
make all 
'Building file: ../src/lab4.c'
'Invoking: ARM gcc compiler'
arm-xilinx-eabi-gcc -Wall -O0 -g3 -c -fmessage-length=0 -I../../standalone_bsp_0/ps7_cortexa9_0/include -MMD -MP -MF"src/lab4.d" -MT"src/lab4.d" -o "src/lab4.o" "../src/lab4.c"
../src/lab4.c: In function 'main':
../src/lab4.c:15:27: error: 'XPAR_DIP_DEVICE_ID' undeclared (first use in this function)
../src/lab4.c:15:27: note: each undeclared identifier is reported only once for each function it appears in
../src/lab4.c:18:28: error: 'XPAR_PUSH_DEVICE_ID' undeclared (first use in this function)
make: *** [src/lab4.o] ´íÎó 1
22:29:01 **** Auto Build of configuration Debug for project lab4 ****
make all 
'Building file: ../src/lab4.c'
'Invoking: ARM gcc compiler'
arm-xilinx-eabi-gcc -Wall -O0 -g3 -c -fmessage-length=0 -I../../standalone_bsp_0/ps7_cortexa9_0/include -MMD -MP -MF"src/lab4.d" -MT"src/lab4.d" -o "src/lab4.o" "../src/lab4.c"
../src/lab4.c:4:20: fatal error: led_ip.h: No such file or directory
compilation terminated.
make: *** [src/lab4.o] ´íÎó 1
22:31:22 **** Auto Build of configuration Debug for project lab4 ****
make all 
'Building file: ../src/lab4.c'
'Invoking: ARM gcc compiler'
arm-xilinx-eabi-gcc -Wall -O0 -g3 -c -fmessage-length=0 -I../../standalone_bsp_0/ps7_cortexa9_0/include -MMD -MP -MF"src/lab4.d" -MT"src/lab4.d" -o "src/lab4.o" "../src/lab4.c"
../src/lab4.c: In function 'main':
../src/lab4.c:30:4: warning: implicit declaration of function 'LED_IP_mWriteReg' [-Wimplicit-function-declaration]
'Finished building: ../src/lab4.c'
' '
'Building target: lab4.elf'
'Invoking: ARM gcc linker'
arm-xilinx-eabi-gcc -Wl,-T -Wl,../src/lscript.ld -L../../standalone_bsp_0/ps7_cortexa9_0/lib -o "lab4.elf"  ./src/lab4.o   -Wl,--start-group,-lxil,-lgcc,-lc,--end-group
./src/lab4.o: In function `main':
D:\embedded\lab4\lab4.sdk\SDK\SDK_Export\lab4\Debug/../src/lab4.c:30: undefined reference to `LED_IP_mWriteReg'
collect2.exe: error: ld returned 1 exit status
make: *** [lab4.elf] ´íÎó 1
22:31:41 **** Auto Build of configuration Debug for project lab4 ****
make all 
'Building file: ../src/lab4.c'
'Invoking: ARM gcc compiler'
arm-xilinx-eabi-gcc -Wall -O0 -g3 -c -fmessage-length=0 -I../../standalone_bsp_0/ps7_cortexa9_0/include -MMD -MP -MF"src/lab4.d" -MT"src/lab4.d" -o "src/lab4.o" "../src/lab4.c"
'Finished building: ../src/lab4.c'
' '
'Building target: lab4.elf'
'Invoking: ARM gcc linker'
arm-xilinx-eabi-gcc -Wl,-T -Wl,../src/lscript.ld -L../../standalone_bsp_0/ps7_cortexa9_0/lib -o "lab4.elf"  ./src/lab4.o   -Wl,--start-group,-lxil,-lgcc,-lc,--end-group
'Finished building target: lab4.elf'
' '
'Invoking: ARM Print Size'
arm-xilinx-eabi-size lab4.elf  |tee "lab4.elf.size"
   text	   data	    bss	    dec	    hex	filename
  23820	   1136	  22628	  47584	   b9e0	lab4.elf
'Finished building: lab4.elf.size'
' '
22:33:01 **** Clean-only build of project standalone_bsp_0 ****
make -k clean 
rm -rf ps7_cortexa9_0
22:33:16 **** Build of project standalone_bsp_0 ****
make -k all 
libgen -hw ../hw_platform_0/system.xml\
	       -lp D:/embedded/led_ip/led_ip_1.0 -lp ..\..\..\..\..\led_ip\led_ip_1.0\
	       -pe ps7_cortexa9_0 \
	       -log libgen.log \
	       system.mss
libgen
Xilinx EDK 2013.4 Build EDK_2013.4.20131205
Copyright (c) 1995-2012 Xilinx, Inc.  All rights reserved.

Command Line: libgen -hw ../hw_platform_0/system.xml -lp
D:/embedded/led_ip/led_ip_1.0 -lp ..\..\..\..\..\led_ip\led_ip_1.0 -pe
ps7_cortexa9_0 -log libgen.log system.mss 


Staging source files.
Running DRCs.
Running generate.
Running post_generate.
Running include - 'make -s include "COMPILER=arm-xilinx-eabi-gcc"
"ARCHIVER=arm-xilinx-eabi-ar" "COMPILER_FLAGS= -O2 -c"
"EXTRA_COMPILER_FLAGS=-g"'.

Running libs - 'make -s libs "COMPILER=arm-xilinx-eabi-gcc"
"ARCHIVER=arm-xilinx-eabi-ar" "COMPILER_FLAGS= -O2 -c"
"EXTRA_COMPILER_FLAGS=-g"'.
"Compiling common"
arm-xilinx-eabi-ar: creating ../../../lib/libxil.a
"Compiling standalone"
"Compiling bram"
"Compiling gpio"
"Compiling devcfg"
"Compiling dmaps"
"Compiling scugic"
"Compiling scutimer"
"Compiling scuwdt"
"Compiling uartps"
"Compiling xadcps"
"Compiling cpu_cortexa9"
Running execs_generate.
'Finished building libraries'
22:35:00 **** Auto Build of configuration Debug for project lab4 ****
make all 
make: Nothing to be done for `all'.
22:35:22 **** Clean-only build of project standalone_bsp_0 ****
make -k clean 
rm -rf ps7_cortexa9_0
22:35:24 **** Build of project standalone_bsp_0 ****
make -k all 
libgen -hw ../hw_platform_0/system.xml\
	       -lp D:/embedded/led_ip/led_ip_1.0 -lp ..\..\..\..\..\led_ip\led_ip_1.0\
	       -pe ps7_cortexa9_0 \
	       -log libgen.log \
	       system.mss
libgen
Xilinx EDK 2013.4 Build EDK_2013.4.20131205
Copyright (c) 1995-2012 Xilinx, Inc.  All rights reserved.

Command Line: libgen -hw ../hw_platform_0/system.xml -lp
D:/embedded/led_ip/led_ip_1.0 -lp ..\..\..\..\..\led_ip\led_ip_1.0 -pe
ps7_cortexa9_0 -log libgen.log system.mss 


Staging source files.
Running DRCs.
Running generate.
Running post_generate.
Running include - 'make -s include "COMPILER=arm-xilinx-eabi-gcc"
"ARCHIVER=arm-xilinx-eabi-ar" "COMPILER_FLAGS= -O2 -c"
"EXTRA_COMPILER_FLAGS=-g"'.

Running libs - 'make -s libs "COMPILER=arm-xilinx-eabi-gcc"
"ARCHIVER=arm-xilinx-eabi-ar" "COMPILER_FLAGS= -O2 -c"
"EXTRA_COMPILER_FLAGS=-g"'.
"Compiling common"
arm-xilinx-eabi-ar: creating ../../../lib/libxil.a
"Compiling standalone"
"Compiling bram"
"Compiling gpio"
"Compiling led_ip..."
"Compiling devcfg"
"Compiling dmaps"
"Compiling scugic"
"Compiling scutimer"
"Compiling scuwdt"
"Compiling uartps"
"Compiling xadcps"
"Compiling cpu_cortexa9"
Running execs_generate.
'Finished building libraries'
22:36:09 **** Auto Build of configuration Debug for project lab4 ****
make all 
make: Nothing to be done for `all'.
22:48:01 **** Auto Build of configuration Debug for project lab4 ****
make all 
'Building file: ../src/lab4.c'
'Invoking: ARM gcc compiler'
arm-xilinx-eabi-gcc -Wall -O0 -g3 -c -fmessage-length=0 -I../../standalone_bsp_0/ps7_cortexa9_0/include -MMD -MP -MF"src/lab4.d" -MT"src/lab4.d" -o "src/lab4.o" "../src/lab4.c"
'Finished building: ../src/lab4.c'
' '
'Building target: lab4.elf'
'Invoking: ARM gcc linker'
arm-xilinx-eabi-gcc -Wl,-T -Wl,../src/lscript.ld -L../../standalone_bsp_0/ps7_cortexa9_0/lib -o "lab4.elf"  ./src/lab4.o   -Wl,--start-group,-lxil,-lgcc,-lc,--end-group
'Finished building target: lab4.elf'
' '
'Invoking: ARM Print Size'
arm-xilinx-eabi-size lab4.elf  |tee "lab4.elf.size"
   text	   data	    bss	    dec	    hex	filename
  23840	   1136	  22628	  47604	   b9f4	lab4.elf
'Finished building: lab4.elf.size'
' '
22:58:16 **** Incremental Build of configuration Debug for project lab4 ****
make all 
make: Nothing to be done for `all'.
23:08:05 **** Clean-only build of configuration Debug for project lab4 ****
make clean 
rm -rf  ./src/lab4.o  ./src/lab4.d  lab4.elf.size  lab4.elf
' '
23:08:06 **** Auto Build of configuration Debug for project lab4 ****
make all 
'Building file: ../src/lab4.c'
'Invoking: ARM gcc compiler'
arm-xilinx-eabi-gcc -Wall -O0 -g3 -c -fmessage-length=0 -I../../standalone_bsp_0/ps7_cortexa9_0/include -MMD -MP -MF"src/lab4.d" -MT"src/lab4.d" -o "src/lab4.o" "../src/lab4.c"
'Finished building: ../src/lab4.c'
' '
'Building target: lab4.elf'
'Invoking: ARM gcc linker'
arm-xilinx-eabi-gcc -Wl,-T -Wl,../src/lscript.ld -L../../standalone_bsp_0/ps7_cortexa9_0/lib -o "lab4.elf"  ./src/lab4.o   -Wl,--start-group,-lxil,-lgcc,-lc,--end-group
'Finished building target: lab4.elf'
' '
'Invoking: ARM Print Size'
arm-xilinx-eabi-size lab4.elf  |tee "lab4.elf.size"
   text	   data	    bss	    dec	    hex	filename
  23840	   1136	   8292	  33268	   81f4	lab4.elf
'Finished building: lab4.elf.size'
' '
23:10:08 **** Auto Build of configuration Debug for project lab4 ****
make all 
'Building file: ../src/lab4.c'
'Invoking: ARM gcc compiler'
arm-xilinx-eabi-gcc -Wall -O0 -g3 -c -fmessage-length=0 -I../../standalone_bsp_0/ps7_cortexa9_0/include -MMD -MP -MF"src/lab4.d" -MT"src/lab4.d" -o "src/lab4.o" "../src/lab4.c"
../src/lab4.c: In function 'main':
../src/lab4.c:13:4: warning: implicit declaration of function 'printf' [-Wimplicit-function-declaration]
../src/lab4.c:13:4: warning: incompatible implicit declaration of built-in function 'printf' [enabled by default]
'Finished building: ../src/lab4.c'
' '
'Building target: lab4.elf'
'Invoking: ARM gcc linker'
arm-xilinx-eabi-gcc -Wl,-T -Wl,../src/lscript.ld -L../../standalone_bsp_0/ps7_cortexa9_0/lib -o "lab4.elf"  ./src/lab4.o   -Wl,--start-group,-lxil,-lgcc,-lc,--end-group
f:/vivado/sdk/2013.4/gnu/arm/nt/bin/../lib/gcc/arm-xilinx-eabi/4.7.3/../../../../arm-xilinx-eabi/bin/ld.exe: lab4.elf section `.text' will not fit in region `axi_bram_ctrl_0_S_AXI_BASEADDR'
f:/vivado/sdk/2013.4/gnu/arm/nt/bin/../lib/gcc/arm-xilinx-eabi/4.7.3/../../../../arm-xilinx-eabi/bin/ld.exe: region `axi_bram_ctrl_0_S_AXI_BASEADDR' overflowed by 11308 bytes
collect2.exe: error: ld returned 1 exit status
make: *** [lab4.elf] ´íÎó 1
23:12:21 **** Clean-only build of configuration Debug for project lab4 ****
make clean 
rm -rf  ./src/lab4.o  ./src/lab4.d  lab4.elf.size  lab4.elf
' '
23:12:22 **** Auto Build of configuration Debug for project lab4 ****
make all 
'Building file: ../src/lab4.c'
'Invoking: ARM gcc compiler'
arm-xilinx-eabi-gcc -Wall -O0 -g3 -c -fmessage-length=0 -I../../standalone_bsp_0/ps7_cortexa9_0/include -MMD -MP -MF"src/lab4.d" -MT"src/lab4.d" -o "src/lab4.o" "../src/lab4.c"
../src/lab4.c: In function 'main':
../src/lab4.c:13:4: warning: implicit declaration of function 'printf' [-Wimplicit-function-declaration]
../src/lab4.c:13:4: warning: incompatible implicit declaration of built-in function 'printf' [enabled by default]
'Finished building: ../src/lab4.c'
' '
'Building target: lab4.elf'
'Invoking: ARM gcc linker'
arm-xilinx-eabi-gcc -Wl,-T -Wl,../src/lscript.ld -L../../standalone_bsp_0/ps7_cortexa9_0/lib -o "lab4.elf"  ./src/lab4.o   -Wl,--start-group,-lxil,-lgcc,-lc,--end-group
'Finished building target: lab4.elf'
' '
'Invoking: ARM Print Size'
arm-xilinx-eabi-size lab4.elf  |tee "lab4.elf.size"
   text	   data	    bss	    dec	    hex	filename
  36284	   2176	   8344	  46804	   b6d4	lab4.elf
'Finished building: lab4.elf.size'
' '
23:12:44 **** Incremental Build of configuration Debug for project lab4 ****
make all 
make: Nothing to be done for `all'.
23:16:52 **** Incremental Build of configuration Debug for project lab4 ****
make all 
make: Nothing to be done for `all'.
23:18:05 **** Incremental Build of configuration Debug for project lab4 ****
make all 
make: Nothing to be done for `all'.
